     1                                  bits 32 ; assembling for the 32 bits architecture
     2                                  
     3                                  ; declare the EntryPoint (a label defining the very first instruction of the program)
     4                                  global start        
     5                                  
     6                                  ; declare external functions needed by our program
     7                                  extern exit               ; tell nasm that exit exists even if we won't be defining it
     8                                  import exit msvcrt.dll    ; exit is a function that ends the calling process. It is defined in msvcrt.dll
     9                                                            ; msvcrt.dll contains exit, printf and all the other important C-runtime specific functions
    10                                  
    11                                  ; our data is declared here (the variables needed by our program)
    12                                  segment data use32 class=data
    13                                      ; ...
    14 00000000 01                          a DB 1
    15 00000001 01                          b DB 1
    16 00000002 03                          c DB 3
    17 00000003 0400                        d DW 4
    18                                  ; our code starts here
    19                                  segment code use32 class=code
    20                                      start:
    21                                          ; ...
    22 00000000 A0[01000000]                    mov AL, [b]
    23 00000005 2A05[00000000]                  sub AL, [a]
    24 0000000B 0402                            add AL, 2
    25 0000000D B114                            mov CL, 20
    26 0000000F F6E1                            mul CL
    27 00000011 88C3                            mov BL, AL
    28 00000013 B10A                            mov CL, 10
    29 00000015 A0[02000000]                    mov AL, [c]
    30 0000001A F6E1                            mul CL
    31 0000001C 28C3                            sub BL, AL
    32 0000001E 88D8                            mov AL, BL
    33 00000020 B103                            mov CL, 3
    34 00000022 F6E1                            mul CL
    35 00000024 88C3                            mov BL, AL
    36 00000026 A0[03000000]                    mov AL, [d]
    37 0000002B 2C03                            sub AL, 3
    38 0000002D B102                            mov CL, 2
    39 0000002F F6E1                            mul CL
    40 00000031 00C3                            add BL, AL
    41                                          ; exit(0)
    42 00000033 6A00                            push    dword 0      ; push the parameter for exit onto the stack
    43 00000035 FF15[00000000]                  call    [exit]       ; call exit to terminate the program
